{
  "id": 12345,
  "type": "result",
  "success": true,
  "result": null
}